// Jest Snapshot v1, https://goo.gl/fbAQLP

exports[`Col component should render 1`] = `
<DocumentFragment>
  <div
    class="sc-bdfBwQ dpePDy"
  />
</DocumentFragment>
`;
