// Jest Snapshot v1, https://goo.gl/fbAQLP

exports[`Row component should render 1`] = `
<DocumentFragment>
  <div
    class="sc-bdfBwQ goAumS"
  />
</DocumentFragment>
`;
