// Jest Snapshot v1, https://goo.gl/fbAQLP

exports[`TransactionCard page should render correctly 1`] = `<DocumentFragment />`;
